-
    relativeName: full-name.ts
    content: |-
        export type FullName = {
          firstName: string;
          lastName: string;
        };
    empty: false
-
    relativeName: profile.ts
    content: |-
        import { FullName } from './full-name';

        export type Profile = {
          name: FullName | null | string;
          age: number;
        };
    empty: false
-
    relativeName: user-create.ts
    content: |-
        import { Profile } from './profile';

        export type UserCreate = {
          id: string;
          profile: Profile | null;
        };
    empty: false
