{
    "map": [
        {
            "route": "\/api\/users",
            "routeParams": [],
            "method": "get",
            "input": null,
            "output": {
                "array": {
                    "name": "User",
                    "context": []
                }
            },
            "queryParams": []
        },
        {
            "route": "\/api\/users",
            "routeParams": [],
            "method": "post",
            "input": {
                "name": "input",
                "type": {
                    "name": "CreateUserInput",
                    "context": []
                }
            },
            "output": {
                "name": "User",
                "context": []
            },
            "queryParams": []
        },
        {
            "route": "\/api\/users\/{id}",
            "routeParams": [
                {
                    "name": "id",
                    "type": {
                        "name": "string"
                    }
                }
            ],
            "method": "get",
            "input": null,
            "output": {
                "name": "User",
                "context": []
            },
            "queryParams": []
        },
        {
            "route": "\/api\/users_methods_string",
            "routeParams": [],
            "method": "get",
            "input": null,
            "output": {
                "name": "User",
                "context": []
            },
            "queryParams": []
        },
        {
            "route": "\/api\/users_reversed_order",
            "routeParams": [],
            "method": "get",
            "input": null,
            "output": {
                "array": {
                    "name": "User",
                    "context": []
                }
            },
            "queryParams": []
        }
    ]
}
