[
    {
        "name": "Activity",
        "expressionType": {
            "type": "class"
        },
        "properties": [
            {
                "type": {
                    "name": "string",
                    "isArray": false
                },
                "name": "id"
            },
            {
                "type": {
                    "name": "string",
                    "isArray": false
                },
                "name": "createdAt"
            }
        ]
    },
    {
        "name": "FullName",
        "expressionType": {
            "type": "class"
        },
        "properties": [
            {
                "type": {
                    "name": "string",
                    "isArray": false
                },
                "name": "firstName"
            },
            {
                "type": {
                    "name": "string",
                    "isArray": false
                },
                "name": "lastName"
            }
        ]
    },
    {
        "name": "NumberEnum",
        "expressionType": {
            "type": "enum"
        },
        "properties": [
            {
                "name": "VIEW",
                "value": 0
            },
            {
                "name": "EDIT",
                "value": 1
            },
            {
                "name": "CREATE",
                "value": 2
            }
        ]
    },
    {
        "name": "PermissionsEnum",
        "expressionType": {
            "type": "enum"
        },
        "properties": [
            {
                "name": "VIEW",
                "value": "view"
            },
            {
                "name": "EDIT",
                "value": "edit"
            }
        ]
    },
    {
        "name": "Profile",
        "expressionType": {
            "type": "class"
        },
        "properties": [
            {
                "type": {
                    "types": [
                        {
                            "name": "FullName",
                            "isArray": false
                        },
                        {
                            "name": "null",
                            "isArray": false
                        }
                    ]
                },
                "name": "name"
            },
            {
                "type": {
                    "name": "int",
                    "isArray": false
                },
                "name": "age"
            }
        ]
    },
    {
        "name": "User",
        "expressionType": {
            "type": "class"
        },
        "properties": [
            {
                "type": {
                    "name": "string",
                    "isArray": false
                },
                "name": "id"
            },
            {
                "type": {
                    "types": [
                        {
                            "name": "User",
                            "isArray": false
                        },
                        {
                            "name": "null",
                            "isArray": false
                        }
                    ]
                },
                "name": "bestFriend"
            },
            {
                "type": {
                    "name": "User",
                    "isArray": true
                },
                "name": "friends"
            }
        ]
    },
    {
        "name": "UserCreate",
        "expressionType": {
            "type": "class"
        },
        "properties": [
            {
                "type": {
                    "name": "string",
                    "isArray": false
                },
                "name": "id"
            },
            {
                "type": {
                    "name": "PermissionsEnum",
                    "isArray": false
                },
                "name": "permissions"
            },
            {
                "type": {
                    "types": [
                        {
                            "name": "Profile",
                            "isArray": false
                        },
                        {
                            "name": "null",
                            "isArray": false
                        }
                    ]
                },
                "name": "profile"
            },
            {
                "type": {
                    "name": "int",
                    "isArray": false
                },
                "name": "age"
            },
            {
                "type": {
                    "types": [
                        {
                            "name": "string",
                            "isArray": false
                        },
                        {
                            "name": "null",
                            "isArray": false
                        }
                    ]
                },
                "name": "name"
            },
            {
                "type": {
                    "name": "float",
                    "isArray": false
                },
                "name": "latitude"
            },
            {
                "type": {
                    "name": "float",
                    "isArray": false
                },
                "name": "longitude"
            },
            {
                "type": {
                    "name": "array",
                    "isArray": false
                },
                "name": "achievements"
            },
            {
                "type": {
                    "name": "string",
                    "isArray": true
                },
                "name": "tags"
            },
            {
                "type": {
                    "name": "Activity",
                    "isArray": true
                },
                "name": "activities"
            },
            {
                "type": {
                    "name": "mixed",
                    "isArray": false
                },
                "name": "mixed"
            },
            {
                "type": {
                    "types": [
                        {
                            "name": "bool",
                            "isArray": false
                        },
                        {
                            "name": "null",
                            "isArray": false
                        }
                    ]
                },
                "name": "isApproved"
            }
        ]
    }
]
