[
    {
        "name": "FullName",
        "expressionType": {
            "type": "class"
        },
        "properties": [
            {
                "type": {
                    "name": "string",
                    "isList": false
                },
                "name": "firstName"
            },
            {
                "type": {
                    "name": "string",
                    "isList": false
                },
                "name": "lastName"
            }
        ]
    },
    {
        "name": "Profile",
        "expressionType": {
            "type": "class"
        },
        "properties": [
            {
                "type": {
                    "types": [
                        {
                            "name": "FullName",
                            "isList": false
                        },
                        {
                            "name": "null",
                            "isList": false
                        },
                        {
                            "name": "string",
                            "isList": false
                        }
                    ]
                },
                "name": "name"
            },
            {
                "type": {
                    "name": "int",
                    "isList": false
                },
                "name": "age"
            }
        ]
    },
    {
        "name": "UserCreate",
        "expressionType": {
            "type": "class"
        },
        "properties": [
            {
                "type": {
                    "name": "string",
                    "isList": false
                },
                "name": "id"
            },
            {
                "type": {
                    "types": [
                        {
                            "name": "Profile",
                            "isList": false
                        },
                        {
                            "name": "null",
                            "isList": false
                        }
                    ]
                },
                "name": "profile"
            }
        ]
    }
]
