[
    {
        "name": "FullName",
        "expressionType": {
            "type": "class"
        },
        "properties": [
            {
                "type": {
                    "name": "string"
                },
                "name": "firstName"
            },
            {
                "type": {
                    "name": "string"
                },
                "name": "lastName"
            }
        ],
        "generics": []
    },
    {
        "name": "Profile",
        "expressionType": {
            "type": "class"
        },
        "properties": [
            {
                "type": {
                    "types": [
                        {
                            "name": "FullName",
                            "context": [],
                            "generics": []
                        },
                        {
                            "name": "null"
                        },
                        {
                            "name": "string"
                        }
                    ]
                },
                "name": "name"
            },
            {
                "type": {
                    "name": "int"
                },
                "name": "age"
            }
        ],
        "generics": []
    },
    {
        "name": "UserCreate",
        "expressionType": {
            "type": "class"
        },
        "properties": [
            {
                "type": {
                    "name": "string"
                },
                "name": "id"
            },
            {
                "type": {
                    "types": [
                        {
                            "name": "Profile",
                            "context": [],
                            "generics": []
                        },
                        {
                            "name": "null"
                        }
                    ]
                },
                "name": "profile"
            }
        ],
        "generics": []
    }
]
